0 verbose cli /usr/local/bin/node /usr/local/bin/npm
1 info using npm@11.6.2
2 info using node@v24.11.1
3 silly config load:file:/usr/local/lib/node_modules/npm/npmrc
4 silly config load:file:/home/container/.npmrc
5 silly config load:file:/usr/local/etc/npmrc
6 verbose title npm install
7 verbose argv "install"
8 verbose logfile logs-max:10 dir:/home/container/.npm/_logs/2026-05-17T15_14_18_915Z-
9 verbose logfile /home/container/.npm/_logs/2026-05-17T15_14_18_915Z-debug-0.log
10 silly logfile start cleaning logs, removing 1 files
11 silly logfile done cleaning log files
12 silly packumentCache heap:271581184 maxSize:67895296 maxEntrySize:33947648
13 silly idealTree buildDeps
14 silly fetch manifest undici@^5.11.0 || ^6.0.0
15 silly packumentCache full:https://registry.npmjs.org/undici cache-miss
16 http fetch GET 200 https://registry.npmjs.org/undici 2144ms (cache updated)
17 silly packumentCache full:https://registry.npmjs.org/undici set size:undefined disposed:false
18 silly placeDep node_modules/axios-cookiejar-support undici@6.25.0 OK for: http-cookie-agent@6.0.8 want: ^5.11.0 || ^6.0.0
19 silly reify moves {}
20 silly audit bulk request {
20 silly audit   '@adiwajshing/keyed-db': [ '0.2.4' ],
20 silly audit   '@borewit/text-codec': [ '0.2.1' ],
20 silly audit   '@cacheable/memory': [ '2.0.8' ],
20 silly audit   '@cacheable/node-cache': [ '1.7.6' ],
20 silly audit   '@cacheable/utils': [ '2.4.0' ],
20 silly audit   '@distube/ytdl-core': [ '4.16.12' ],
20 silly audit   'agent-base': [ '7.1.4', '6.0.2' ],
20 silly audit   'https-proxy-agent': [ '7.0.6', '5.0.1' ],
20 silly audit   '@ffmpeg/ffmpeg': [ '0.12.15' ],
20 silly audit   '@ffmpeg/types': [ '0.12.4' ],
20 silly audit   '@hapi/boom': [ '10.0.1', '9.1.4' ],
20 silly audit   '@hapi/hoek': [ '11.0.7', '9.3.0' ],
20 silly audit   '@jimp/core': [ '1.6.0' ],
20 silly audit   '@jimp/diff': [ '1.6.0' ],
20 silly audit   '@jimp/file-ops': [ '1.6.0' ],
20 silly audit   '@jimp/js-bmp': [ '1.6.0' ],
20 silly audit   '@jimp/js-gif': [ '1.6.0' ],
20 silly audit   '@jimp/js-jpeg': [ '1.6.0' ],
20 silly audit   '@jimp/js-png': [ '1.6.0' ],
20 silly audit   '@jimp/js-tiff': [ '1.6.0' ],
20 silly audit   '@jimp/plugin-blit': [ '1.6.0' ],
20 silly audit   '@jimp/plugin-blur': [ '1.6.0' ],
20 silly audit   '@jimp/plugin-circle': [ '1.6.0' ],
20 silly audit   '@jimp/plugin-color': [ '1.6.0' ],
20 silly audit   '@jimp/plugin-contain': [ '1.6.0' ],
20 silly audit   '@jimp/plugin-cover': [ '1.6.0' ],
20 silly audit   '@jimp/plugin-crop': [ '1.6.0' ],
20 silly audit   '@jimp/plugin-displace': [ '1.6.0' ],
20 silly audit   '@jimp/plugin-dither': [ '1.6.0' ],
20 silly audit   '@jimp/plugin-fisheye': [ '1.6.0' ],
20 silly audit   '@jimp/plugin-flip': [ '1.6.0' ],
20 silly audit   '@jimp/plugin-hash': [ '1.6.0' ],
20 silly audit   '@jimp/plugin-mask': [ '1.6.0' ],
20 silly audit   '@jimp/plugin-print': [ '1.6.0' ],
20 silly audit   '@jimp/plugin-quantize': [ '1.6.0' ],
20 silly audit   '@jimp/plugin-resize': [ '1.6.0' ],
20 silly audit   '@jimp/plugin-rotate': [ '1.6.0' ],
20 silly audit   '@jimp/plugin-threshold': [ '1.6.0' ],
20 silly audit   '@jimp/types': [ '1.6.0' ],
20 silly audit   '@jimp/utils': [ '1.6.0' ],
20 silly audit   '@jsep-plugin/assignment': [ '1.3.0' ],
20 silly audit   '@jsep-plugin/regex': [ '1.0.4' ],
20 silly audit   '@keyv/bigmap': [ '1.3.1' ],
20 silly audit   '@keyv/serialize': [ '1.1.1' ],
20 silly audit   '@pinojs/redact': [ '0.4.0' ],
20 silly audit   '@protobufjs/aspromise': [ '1.1.2' ],
20 silly audit   '@protobufjs/base64': [ '1.1.2' ],
20 silly audit   '@protobufjs/codegen': [ '2.0.4' ],
20 silly audit   '@protobufjs/eventemitter': [ '1.1.0' ],
20 silly audit   '@protobufjs/fetch': [ '1.1.0' ],
20 silly audit   '@protobufjs/float': [ '1.0.2' ],
20 silly audit   '@protobufjs/inquire': [ '1.1.0' ],
20 silly audit   '@protobufjs/path': [ '1.1.2' ],
20 silly audit   '@protobufjs/pool': [ '1.1.0' ],
20 silly audit   '@protobufjs/utf8': [ '1.1.0' ],
20 silly audit   '@sindresorhus/is': [ '4.6.0' ],
20 silly audit   '@szmarczak/http-timer': [ '4.0.6' ],
20 silly audit   '@tokenizer/inflate': [ '0.4.1' ],
20 silly audit   'token-types': [ '6.1.2', '4.2.1' ],
20 silly audit   '@tokenizer/token': [ '0.3.0' ],
20 silly audit   '@tootallnate/once': [ '2.0.0' ],
20 silly audit   '@types/cacheable-request': [ '6.0.3' ],
20 silly audit   '@types/http-cache-semantics': [ '4.2.0' ],
20 silly audit   '@types/keyv': [ '3.1.4' ],
20 silly audit   '@types/long': [ '4.0.2' ],
20 silly audit   '@types/node': [ '18.19.130', '10.17.60', '16.9.1' ],
20 silly audit   '@types/responselike': [ '1.0.3' ],
20 silly audit   '@whiskeysockets/baileys': [ '7.0.0-rc.9' ],
20 silly audit   '@whiskeysockets/libsignal-node': [ '2.0.1' ],
20 silly audit   protobufjs: [ '6.8.8', '7.5.4' ],
20 silly audit   long: [ '4.0.0', '5.3.2' ],
20 silly audit   pino: [ '9.14.0', '8.21.0' ],
20 silly audit   'pino-abstract-transport': [ '2.0.0', '1.2.0' ],
20 silly audit   'pino-std-serializers': [ '7.1.0', '6.2.2' ],
20 silly audit   'process-warning': [ '5.0.0', '3.0.0' ],
20 silly audit   'sonic-boom': [ '4.2.1', '3.8.1' ],
20 silly audit   'thread-stream': [ '3.1.0', '2.7.0' ],
20 silly audit   abab: [ '2.0.6' ],
20 silly audit   'abort-controller': [ '3.0.0' ],
20 silly audit   ajv: [ '6.14.0' ],
20 silly audit   'ansi-regex': [ '5.0.1', '2.1.1', '3.0.1' ],
20 silly audit   'ansi-styles': [ '4.3.0' ],
20 silly audit   'any-base': [ '1.1.0' ],
20 silly audit   asn1: [ '0.2.6' ],
20 silly audit   'assert-plus': [ '1.0.0' ],
20 silly audit   async: [ '0.2.10', '1.5.2' ],
20 silly audit   'async-mutex': [ '0.5.0' ],
20 silly audit   'async.parallellimit': [ '0.5.2' ],
20 silly audit   'async.util.eachoflimit': [ '0.5.2' ],
20 silly audit   'async.util.isarray': [ '0.5.2' ],
20 silly audit   'async.util.isarraylike': [ '0.5.2' ],
20 silly audit   'async.util.keyiterator': [ '0.5.2' ],
20 silly audit   'async.util.keys': [ '0.5.2' ],
20 silly audit   'async.util.noop': [ '0.5.2' ],
20 silly audit   'async.util.once': [ '0.5.2' ],
20 silly audit   'async.util.onlyonce': [ '0.5.2' ],
20 silly audit   'async.util.parallel': [ '0.5.2' ],
20 silly audit   'async.util.restparam': [ '0.5.2' ],
20 silly audit   asynckit: [ '0.4.0' ],
20 silly audit   'atomic-sleep': [ '1.0.0' ],
20 silly audit   'await-to-js': [ '3.0.0' ],
20 silly audit   'awesome-phonenumber': [ '5.11.0' ],
20 silly audit   'aws-sign2': [ '0.7.0' ],
20 silly audit   aws4: [ '1.13.2' ],
20 silly audit   axios: [ '1.13.6', '0.20.0' ],
20 silly audit   'axios-cookiejar-support': [ '5.0.5' ],
20 silly audit   'http-cookie-agent': [ '6.0.8', '7.0.3' ],
20 silly audit   b4a: [ '1.8.0' ],
20 silly audit   'balanced-match': [ '1.0.2' ],
20 silly audit   'bare-events': [ '2.8.2' ],
20 silly audit   'bare-fs': [ '4.5.5' ],
20 silly audit   'bare-os': [ '3.7.1' ],
20 silly audit   'bare-path': [ '3.0.0' ],
20 silly audit   'bare-stream': [ '2.8.0' ],
20 silly audit   'bare-url': [ '2.3.2' ],
20 silly audit   'base64-js': [ '1.5.1' ],
20 silly audit   'bcrypt-pbkdf': [ '1.0.2' ],
20 silly audit   bl: [ '4.1.0' ],
20 silly audit   buffer: [ '5.7.1', '6.0.3' ],
20 silly audit   'readable-stream': [ '3.6.2', '4.7.0', '2.3.8' ],
20 silly audit   'bmp-ts': [ '1.0.9' ],
20 silly audit   boolbase: [ '1.0.0' ],
20 silly audit   boolstring: [ '1.0.2', '2.0.1' ],
20 silly audit   'brace-expansion': [ '1.1.12' ],
20 silly audit   cacheable: [ '2.3.3' ],
20 silly audit   'cacheable-lookup': [ '5.0.4' ],
20 silly audit   'cacheable-request': [ '7.0.4' ],
20 silly audit   keyv: [ '4.5.4', '5.6.0' ],
20 silly audit   'call-bind-apply-helpers': [ '1.0.2' ],
20 silly audit   camelcase: [ '3.0.0', '5.3.1' ],
20 silly audit   caseless: [ '0.12.0' ],
20 silly audit   centra: [ '2.7.0' ],
20 silly audit   chalk: [ '4.1.2' ],
20 silly audit   cheerio: [ '1.2.0', '1.0.0-rc.11', '1.0.0-rc.10' ],
20 silly audit   'cheerio-select': [ '2.1.0', '1.6.0' ],
20 silly audit   chownr: [ '1.1.4' ],
20 silly audit   'cli-color': [ '1.2.0' ],
20 silly audit   cliui: [ '8.0.1', '3.2.0', '6.0.0' ],
20 silly audit   clone: [ '2.1.2' ],
20 silly audit   'clone-response': [ '1.0.3' ],
20 silly audit   'code-point-at': [ '1.1.0' ],
20 silly audit   color: [ '4.2.3' ],
20 silly audit   'color-convert': [ '2.0.1' ],
20 silly audit   'color-name': [ '1.1.4' ],
20 silly audit   'color-string': [ '1.9.1' ],
20 silly audit   'combined-stream': [ '1.0.8' ],
20 silly audit   'concat-map': [ '0.0.1' ],
20 silly audit   'content-type': [ '1.0.5' ],
20 silly audit   cookie: [ '0.5.0', '0.1.5' ],
20 silly audit   'core-util-is': [ '1.0.3', '1.0.2' ],
20 silly audit   'css-select': [ '5.2.2', '4.3.0' ],
20 silly audit   'css-what': [ '6.2.2' ],
20 silly audit   cssstyle: [ '3.0.0' ],
20 silly audit   'curve25519-js': [ '0.0.4' ],
20 silly audit   d: [ '1.0.2' ],
20 silly audit   dashdash: [ '1.14.1' ],
20 silly audit   dasu: [ '0.4.3' ],
20 silly audit   'data-urls': [ '4.0.0' ],
20 silly audit   'whatwg-mimetype': [ '3.0.0', '4.0.0' ],
20 silly audit   debug: [ '4.4.3' ],
20 silly audit   decamelize: [ '1.2.0' ],
20 silly audit   'decimal.js': [ '10.6.0' ],
20 silly audit   'decompress-response': [ '6.0.0' ],
20 silly audit   'mimic-response': [ '3.1.0', '1.0.1' ],
20 silly audit   'deep-extend': [ '0.6.0' ],
20 silly audit   'defer-to-connect': [ '2.0.1' ],
20 silly audit   'delayed-stream': [ '1.0.0' ],
20 silly audit   'detect-libc': [ '2.1.2' ],
20 silly audit   dijkstrajs: [ '1.0.3' ],
20 silly audit   'dom-serializer': [ '2.0.0', '1.4.1' ],
20 silly audit   domelementtype: [ '2.3.0' ],
20 silly audit   domexception: [ '4.0.0' ],
20 silly audit   domhandler: [ '5.0.3', '4.3.1' ],
20 silly audit   domutils: [ '3.2.2', '2.8.0' ],
20 silly audit   dotenv: [ '16.6.1' ],
20 silly audit   'dunder-proto': [ '1.0.1' ],
20 silly audit   'ecc-jsbn': [ '0.1.2' ],
20 silly audit   'emoji-regex': [ '8.0.0' ],
20 silly audit   'encoding-sniffer': [ '0.2.1' ],
20 silly audit   'end-of-stream': [ '1.4.5' ],
20 silly audit   entities: [ '4.5.0', '7.0.1', '6.0.1', '2.2.0' ],
20 silly audit   'error-ex': [ '1.3.4' ],
20 silly audit   'is-arrayish': [ '0.2.1', '0.3.4' ],
20 silly audit   'es-define-property': [ '1.0.1' ],
20 silly audit   'es-errors': [ '1.3.0' ],
20 silly audit   'es-object-atoms': [ '1.1.1' ],
20 silly audit   'es-set-tostringtag': [ '2.1.0' ],
20 silly audit   'es5-ext': [ '0.10.64' ],
20 silly audit   'es6-iterator': [ '2.0.3' ],
20 silly audit   'es6-symbol': [ '3.1.4' ],
20 silly audit   'es6-weak-map': [ '2.0.3' ],
20 silly audit   escalade: [ '3.2.0' ],
20 silly audit   'escape-string-regexp': [ '1.0.5' ],
20 silly audit   esniff: [ '2.0.1' ],
20 silly audit   'event-emitter': [ '0.3.5' ],
20 silly audit   'event-target-shim': [ '5.0.1' ],
20 silly audit   eventemitter3: [ '5.0.4' ],
20 silly audit   events: [ '3.3.0' ],
20 silly audit   'events-universal': [ '1.0.1' ],
20 silly audit   'exif-parser': [ '0.1.12' ],
20 silly audit   'expand-template': [ '2.0.3' ],
20 silly audit   ext: [ '1.7.0' ],
20 silly audit   extend: [ '3.0.2' ],
20 silly audit   extsprintf: [ '1.3.0' ],
20 silly audit   'fast-deep-equal': [ '3.1.3' ],
20 silly audit   'fast-fifo': [ '1.3.2' ],
20 silly audit   'fast-json-stable-stringify': [ '2.1.0' ],
20 silly audit   'fast-redact': [ '3.5.0' ],
20 silly audit   'file-type': [ '16.5.4', '21.3.0' ],
20 silly audit   'find-up': [ '1.1.2', '4.1.0' ],
20 silly audit   'fluent-ffmpeg': [ '2.1.3' ],
20 silly audit   'follow-redirects': [ '1.15.11' ],
20 silly audit   'forever-agent': [ '0.6.1' ],
20 silly audit   'form-data': [ '4.0.5', '2.3.3' ],
20 silly audit   'fs-constants': [ '1.0.0' ],
20 silly audit   'fs-extra': [ '11.3.4' ],
20 silly audit   'function-bind': [ '1.1.2' ],
20 silly audit   'get-caller-file': [ '2.0.5', '1.0.3' ],
20 silly audit   'get-intrinsic': [ '1.3.0' ],
20 silly audit   'get-proto': [ '1.0.1' ],
20 silly audit   'get-stream': [ '5.2.0' ],
20 silly audit   getpass: [ '0.1.7' ],
20 silly audit   gifwrap: [ '0.10.1' ],
20 silly audit   'github-from-package': [ '0.0.0' ],
20 silly audit   gopd: [ '1.2.0' ],
20 silly audit   got: [ '11.8.6' ],
20 silly audit   'graceful-fs': [ '4.2.11' ],
20 silly audit   gtts: [ '0.2.1' ],
20 silly audit   'is-fullwidth-code-point': [ '1.0.0', '3.0.0', '2.0.0' ],
20 silly audit   'string-width': [ '1.0.2', '2.1.1', '4.2.3' ],
20 silly audit   'strip-ansi': [ '3.0.1', '4.0.0', '6.0.1' ],
20 silly audit   'wrap-ansi': [ '2.1.0', '6.2.0', '7.0.0' ],
20 silly audit   y18n: [ '3.2.2', '4.0.3', '5.0.8' ],
20 silly audit   yargs: [ '4.8.1', '15.4.1', '17.7.2' ],
20 silly audit   'yargs-parser': [ '2.4.1', '18.1.3', '21.1.1' ],
20 silly audit   'har-schema': [ '2.0.0' ],
20 silly audit   'har-validator': [ '5.1.5' ],
20 silly audit   'has-flag': [ '4.0.0' ],
20 silly audit   'has-symbols': [ '1.1.0' ],
20 silly audit   'has-tostringtag': [ '1.0.2' ],
20 silly audit   hashery: [ '1.5.0' ],
20 silly audit   hasown: [ '2.0.2' ],
20 silly audit   hookified: [ '1.15.1' ],
20 silly audit   'hosted-git-info': [ '2.8.9' ],
20 silly audit   'html-encoding-sniffer': [ '3.0.0' ],
20 silly audit   'whatwg-encoding': [ '2.0.0', '3.1.1' ],
20 silly audit   htmlparser2: [ '10.1.0', '8.0.2', '6.1.0' ],
20 silly audit   'http-cache-semantics': [ '4.2.0' ],
20 silly audit   'http-proxy-agent': [ '5.0.0' ],
20 silly audit   'http-signature': [ '1.2.0' ],
20 silly audit   'http2-wrapper': [ '1.0.3' ],
20 silly audit   'human-readable': [ '0.2.1' ],
20 silly audit   'human-time': [ '0.0.2' ],
20 silly audit   'iconv-lite': [ '0.6.3', '0.6.2' ],
20 silly audit   ieee754: [ '1.2.1' ],
20 silly audit   'image-q': [ '4.0.0' ],
20 silly audit   inherits: [ '2.0.4' ],
20 silly audit   ini: [ '1.3.8' ],
20 silly audit   'invert-kv': [ '1.0.0' ],
20 silly audit   'is-core-module': [ '2.16.1' ],
20 silly audit   'is-potential-custom-element-name': [ '1.0.1' ],
20 silly audit   'is-promise': [ '2.2.2' ],
20 silly audit   'is-typedarray': [ '1.0.0' ],
20 silly audit   'is-utf8': [ '0.2.1' ],
20 silly audit   isarray: [ '1.0.0' ],
20 silly audit   isexe: [ '2.0.0' ],
20 silly audit   isstream: [ '0.1.2' ],
20 silly audit   jimp: [ '1.6.0' ],
20 silly audit   'jpeg-js': [ '0.4.4' ],
20 silly audit   jsbn: [ '0.1.1' ],
20 silly audit   jsdom: [ '22.1.0' ],
20 silly audit   'tough-cookie': [ '4.1.4', '2.5.0', '5.1.2' ],
20 silly audit   universalify: [ '0.2.0', '2.0.1' ],
20 silly audit   jsep: [ '1.4.0' ],
20 silly audit   'json-buffer': [ '3.0.1' ],
20 silly audit   'json-schema': [ '0.4.0' ],
20 silly audit   'json-schema-traverse': [ '0.4.1' ],
20 silly audit   'json-stringify-safe': [ '5.0.1' ],
20 silly audit   jsonfile: [ '6.2.0' ],
20 silly audit   'jsonpath-plus': [ '5.0.7', '10.3.0' ],
20 silly audit   jsprim: [ '1.4.2' ],
20 silly audit   keypress: [ '0.2.1' ],
20 silly audit   lcid: [ '1.0.0' ],
20 silly audit   'libphonenumber-js': [ '1.12.38' ],
20 silly audit   libsignal: [ '2.0.1' ],
20 silly audit   'link-preview-js': [ '3.2.0' ],
20 silly audit   'load-json-file': [ '1.1.0' ],
20 silly audit   'locate-path': [ '5.0.0' ],
20 silly audit   'lodash.assign': [ '4.2.0' ],
20 silly audit   'lowercase-keys': [ '2.0.0' ],
20 silly audit   'lru-cache': [ '11.2.6' ],
20 silly audit   'lru-queue': [ '0.1.0' ],
20 silly audit   m3u8stream: [ '0.8.6' ],
20 silly audit   'math-intrinsics': [ '1.1.0' ],
20 silly audit   'media-typer': [ '1.1.0' ],
20 silly audit   memoizee: [ '0.4.17' ],
20 silly audit   mime: [ '3.0.0' ],
20 silly audit   'mime-db': [ '1.52.0' ],
20 silly audit   'mime-types': [ '2.1.35' ],
20 silly audit   'mimic-fn': [ '2.1.0' ],
20 silly audit   miniget: [ '4.2.3' ],
20 silly audit   minimatch: [ '3.0.8' ],
20 silly audit   minimist: [ '1.2.8' ],
20 silly audit   'mkdirp-classic': [ '0.5.3' ],
20 silly audit   moment: [ '2.30.1' ],
20 silly audit   'moment-timezone': [ '0.5.48' ],
20 silly audit   ms: [ '2.1.3' ],
20 silly audit   multistream: [ '2.1.1' ],
20 silly audit   mumaker: [ '2.0.0' ],
20 silly audit   'music-metadata': [ '11.12.1' ],
20 silly audit   strtok3: [ '10.3.4', '6.3.0' ],
20 silly audit   'napi-build-utils': [ '2.0.0' ],
20 silly audit   'next-tick': [ '1.1.0' ],
20 silly audit   'node-abi': [ '3.87.0' ],
20 silly audit   'node-addon-api': [ '6.1.0' ],
20 silly audit   'node-cache': [ '5.1.2' ],
20 silly audit   'node-fetch': [ '2.7.0' ],
20 silly audit   tr46: [ '0.0.3', '4.1.1' ],
20 silly audit   'webidl-conversions': [ '3.0.1', '7.0.0' ],
20 silly audit   'whatwg-url': [ '5.0.0', '12.0.1' ],
20 silly audit   'node-fzf': [ '0.5.3', '0.14.0' ],
20 silly audit   'node-id3': [ '0.2.9' ],
20 silly audit   'node-webpmux': [ '3.2.1' ],
20 silly audit   'node-youtube-music': [ '0.8.3' ],
20 silly audit   'normalize-package-data': [ '2.5.0' ],
20 silly audit   semver: [ '5.7.2', '7.7.4' ],
20 silly audit   'normalize-url': [ '6.1.0' ],
20 silly audit   'nth-check': [ '2.1.1' ],
20 silly audit   'number-is-nan': [ '1.0.1' ],
20 silly audit   nwsapi: [ '2.2.23' ],
20 silly audit   'oauth-sign': [ '0.9.0' ],
20 silly audit   omggif: [ '1.0.10' ],
20 silly audit   'on-exit-leak-free': [ '2.1.2' ],
20 silly audit   once: [ '1.4.0' ],
20 silly audit   onetime: [ '5.1.2' ],
20 silly audit   'os-locale': [ '1.4.0' ],
20 silly audit   'p-cancelable': [ '2.1.1' ],
20 silly audit   'p-limit': [ '2.3.0' ],
20 silly audit   'p-locate': [ '4.1.0' ],
20 silly audit   'p-queue': [ '9.1.0' ],
20 silly audit   'p-timeout': [ '7.0.1' ],
20 silly audit   'p-try': [ '2.2.0' ],
20 silly audit   pako: [ '1.0.11' ],
20 silly audit   'parse-bmfont-ascii': [ '1.0.6' ],
20 silly audit   'parse-bmfont-binary': [ '1.0.6' ],
20 silly audit   'parse-bmfont-xml': [ '1.1.6' ],
20 silly audit   'parse-json': [ '2.2.0' ],
20 silly audit   parse5: [ '7.3.0', '6.0.1' ],
20 silly audit   'parse5-htmlparser2-tree-adapter': [ '7.1.0', '6.0.1' ],
20 silly audit   'parse5-parser-stream': [ '7.1.2' ],
20 silly audit   'path-exists': [ '2.1.0', '4.0.0' ],
20 silly audit   'path-parse': [ '1.0.7' ],
20 silly audit   'path-type': [ '1.1.0' ],
20 silly audit   'peek-readable': [ '4.1.0' ],
20 silly audit   'performance-now': [ '2.1.0' ],
20 silly audit   phin: [ '3.7.1' ],
20 silly audit   picocolors: [ '1.1.1' ],
20 silly audit   pify: [ '2.3.0' ],
20 silly audit   pinkie: [ '2.0.4' ],
20 silly audit   'pinkie-promise': [ '2.0.1' ],
20 silly audit   'safe-buffer': [ '5.2.1', '5.1.2' ],
20 silly audit   string_decoder: [ '1.3.0', '1.1.1' ],
20 silly audit   pixelmatch: [ '5.3.0' ],
20 silly audit   pngjs: [ '6.0.0', '7.0.0', '5.0.0' ],
20 silly audit   'prebuild-install': [ '7.1.3' ],
20 silly audit   'tar-fs': [ '2.1.4', '3.1.2' ],
20 silly audit   'tar-stream': [ '2.2.0', '3.1.8' ],
20 silly audit   process: [ '0.11.10' ],
20 silly audit   'process-nextick-args': [ '2.0.1' ],
20 silly audit   'proxy-from-env': [ '1.1.0' ],
20 silly audit   psl: [ '1.15.0' ],
20 silly audit   pump: [ '3.0.4' ],
20 silly audit   punycode: [ '2.3.1', '1.3.2' ],
20 silly audit   qified: [ '0.6.0' ],
20 silly audit   qrcode: [ '1.5.4' ],
20 silly audit   'qrcode-reader': [ '1.0.4' ],
20 silly audit   'qrcode-terminal': [ '0.12.0' ],
20 silly audit   'require-main-filename': [ '2.0.0', '1.0.1' ],
20 silly audit   'which-module': [ '2.0.1', '1.0.0' ],
20 silly audit   qs: [ '6.5.5' ],
20 silly audit   querystring: [ '0.2.0' ],
20 silly audit   querystringify: [ '2.2.0' ],
20 silly audit   'quick-format-unescaped': [ '4.0.4' ],
20 silly audit   'quick-lru': [ '5.1.1' ],
20 silly audit   rc: [ '1.2.8' ],
20 silly audit   'read-pkg': [ '1.1.0' ],
20 silly audit   'read-pkg-up': [ '1.0.1' ],
20 silly audit   'readable-web-to-node-stream': [ '3.0.4' ],
20 silly audit   'real-require': [ '0.2.0' ],
20 silly audit   redstar: [ '0.0.2' ],
20 silly audit   request: [ '2.88.2' ],
20 silly audit   'require-directory': [ '2.1.1' ],
20 silly audit   'requires-port': [ '1.0.0' ],
20 silly audit   resolve: [ '1.22.11' ],
20 silly audit   'resolve-alpn': [ '1.2.1' ],
20 silly audit   responselike: [ '2.0.1' ],
20 silly audit   'restore-cursor': [ '3.1.0' ],
20 silly audit   'rrweb-cssom': [ '0.6.0' ],
20 silly audit   'ruhend-scraper': [ '8.3.0' ],
20 silly audit   'safe-stable-stringify': [ '2.5.0' ],
20 silly audit   'safer-buffer': [ '2.1.2' ],
20 silly audit   sax: [ '1.5.0' ],
20 silly audit   saxes: [ '6.0.0' ],
20 silly audit   'set-blocking': [ '2.0.0' ],
20 silly audit   'set-cookie': [ '0.0.4' ],
20 silly audit   sharp: [ '0.32.6' ],
20 silly audit   'signal-exit': [ '3.0.7' ],
20 silly audit   'simple-concat': [ '1.0.1' ],
20 silly audit   'simple-get': [ '4.0.1' ],
20 silly audit   'simple-swizzle': [ '0.2.4' ],
20 silly audit   'simple-xml-to-json': [ '1.2.3' ],
20 silly audit   'spdx-correct': [ '3.2.0' ],
20 silly audit   'spdx-exceptions': [ '2.5.0' ],
20 silly audit   'spdx-expression-parse': [ '3.0.1' ],
20 silly audit   'spdx-license-ids': [ '3.0.23' ],
20 silly audit   split2: [ '4.2.0' ],
20 silly audit   sshpk: [ '1.18.0' ],
20 silly audit   streamx: [ '2.23.0' ],
20 silly audit   'strip-bom': [ '2.0.0' ],
20 silly audit   'strip-json-comments': [ '2.0.1' ],
20 silly audit   'supports-color': [ '7.2.0' ],
20 silly audit   'supports-preserve-symlinks-flag': [ '1.0.0' ],
20 silly audit   'symbol-tree': [ '3.2.4' ],
20 silly audit   teex: [ '1.0.1' ],
20 silly audit   'text-decoder': [ '1.2.7' ],
20 silly audit   'timers-ext': [ '0.1.8' ],
20 silly audit   tinycolor2: [ '1.6.0' ],
20 silly audit   tldts: [ '6.1.86' ],
20 silly audit   'tldts-core': [ '6.1.86' ],
20 silly audit   'translate-google-api': [ '1.0.4' ],
20 silly audit   tslib: [ '2.8.1' ],
20 silly audit   ttys: [ '0.0.3' ],
20 silly audit   'tunnel-agent': [ '0.6.0' ],
20 silly audit   tweetnacl: [ '0.14.5' ],
20 silly audit   type: [ '2.7.3' ],
20 silly audit   'uint8array-extras': [ '1.5.0' ],
20 silly audit   undici: [ '7.22.0' ],
20 silly audit   'undici-types': [ '5.26.5' ],
20 silly audit   'uri-js': [ '4.4.1' ],
20 silly audit   url: [ '0.11.0' ],
20 silly audit   'url-parse': [ '1.5.10' ],
20 silly audit   utif2: [ '4.1.0' ],
20 silly audit   'util-deprecate': [ '1.0.2' ],
20 silly audit   uuid: [ '3.4.0' ],
20 silly audit   'validate-npm-package-license': [ '3.0.4' ],
20 silly audit   verror: [ '1.10.0' ],
20 silly audit   'w3c-xmlserializer': [ '4.0.0' ],
20 silly audit   which: [ '1.3.1' ],
20 silly audit   'win-guid': [ '0.2.1' ],
20 silly audit   'window-size': [ '0.2.0' ],
20 silly audit   wrappy: [ '1.0.2' ],
20 silly audit   ws: [ '8.19.0' ],
20 silly audit   'xml-name-validator': [ '4.0.0' ],
20 silly audit   'xml-parse-from-string': [ '1.0.1' ],
20 silly audit   xml2js: [ '0.5.0' ],
20 silly audit   xmlbuilder: [ '11.0.1' ],
20 silly audit   xmlchars: [ '2.2.0' ],
20 silly audit   'youtube-yts': [ '2.0.0' ],
20 silly audit   'youtubedl-core': [ '4.11.7' ],
20 silly audit   'yt-search': [ '2.13.1' ],
20 silly audit   'ytdl-core': [ '4.11.5' ],
20 silly audit   zod: [ '3.25.76' ]
20 silly audit }
21 http fetch POST 200 https://registry.npmjs.org/-/npm/v1/security/advisories/bulk 2334ms
22 silly audit report {
22 silly audit report   '@protobufjs/utf8': [
22 silly audit report     {
22 silly audit report       id: 1118933,
22 silly audit report       url: 'https://github.com/advisories/GHSA-q6x5-8v7m-xcrf',
22 silly audit report       title: 'protobufjs has overlong UTF-8 decoding',
22 silly audit report       severity: 'moderate',
22 silly audit report       vulnerable_versions: '<=1.1.0',
22 silly audit report       cwe: [Array],
22 silly audit report       cvss: [Object]
22 silly audit report     }
22 silly audit report   ],
22 silly audit report   '@tootallnate/once': [
22 silly audit report     {
22 silly audit report       id: 1113977,
22 silly audit report       url: 'https://github.com/advisories/GHSA-vpq2-c234-7xj6',
22 silly audit report       title: '@tootallnate/once vulnerable to Incorrect Control Flow Scoping',
22 silly audit report       severity: 'low',
22 silly audit report       vulnerable_versions: '<3.0.1',
22 silly audit report       cwe: [Array],
22 silly audit report       cvss: [Object]
22 silly audit report     }
22 silly audit report   ],
22 silly audit report   protobufjs: [
22 silly audit report     {
22 silly audit report       id: 1118641,
22 silly audit report       url: 'https://github.com/advisories/GHSA-66ff-xgx4-vchm',
22 silly audit report       title: 'protobuf.js: Code injection through bytes field defaults in generated toObject code',
22 silly audit report       severity: 'high',
22 silly audit report       vulnerable_versions: '<=7.5.5',
22 silly audit report       cwe: [Array],
22 silly audit report       cvss: [Object]
22 silly audit report     },
22 silly audit report     {
22 silly audit report       id: 1118924,
22 silly audit report       url: 'https://github.com/advisories/GHSA-2pr8-phx7-x9h3',
22 silly audit report       title: 'protobuf.js: Denial of service from crafted field names in generated code',
22 silly audit report       severity: 'moderate',
22 silly audit report       vulnerable_versions: '<=7.5.5',
22 silly audit report       cwe: [Array],
22 silly audit report       cvss: [Object]
22 silly audit report     },
22 silly audit report     {
22 silly audit report       id: 1118926,
22 silly audit report       url: 'https://github.com/advisories/GHSA-fx83-v9x8-x52w',
22 silly audit report       title: 'protobuf.js: Prototype injection in generated message constructors',
22 silly audit report       severity: 'moderate',
22 silly audit report       vulnerable_versions: '<=7.5.5',
22 silly audit report       cwe: [Array],
22 silly audit report       cvss: [Object]
22 silly audit report     },
22 silly audit report     {
22 silly audit report       id: 1118928,
22 silly audit report       url: 'https://github.com/advisories/GHSA-75px-5xx7-5xc7',
22 silly audit report       title: 'protobuf.js: Code generation gadget after prototype pollution',
22 silly audit report       severity: 'high',
22 silly audit report       vulnerable_versions: '<=7.5.5',
22 silly audit report       cwe: [Array],
22 silly audit report       cvss: [Object]
22 silly audit report     },
22 silly audit report     {
22 silly audit report       id: 1118930,
22 silly audit report       url: 'https://github.com/advisories/GHSA-jvwf-75h9-cwgg',
22 silly audit report       title: 'protobuf.js: Process-wide denial of service through unsafe option paths',
22 silly audit report       severity: 'high',
22 silly audit report       vulnerable_versions: '<=7.5.5',
22 silly audit report       cwe: [Array],
22 silly audit report       cvss: [Object]
22 silly audit report     },
22 silly audit report     {
22 silly audit report       id: 1118932,
22 silly audit report       url: 'https://github.com/advisories/GHSA-685m-2w69-288q',
22 silly audit report       title: 'protobuf.js: Denial of service through unbounded protobuf recursion',
22 silly audit report       severity: 'high',
22 silly audit report       vulnerable_versions: '<=7.5.5',
22 silly audit report       cwe: [Array],
22 silly audit report       cvss: [Object]
22 silly audit report     },
22 silly audit report     {
22 silly audit report       id: 1118935,
22 silly audit report       url: 'https://github.com/advisories/GHSA-q6x5-8v7m-xcrf',
22 silly audit report       title: 'protobufjs has overlong UTF-8 decoding',
22 silly audit report       severity: 'moderate',
22 silly audit report       vulnerable_versions: '<=7.5.5',
22 silly audit report       cwe: [Array],
22 silly audit report       cvss: [Object]
22 silly audit report     },
22 silly audit report     {
22 silly audit report       id: 1117571,
22 silly audit report       url: 'https://github.com/advisories/GHSA-xq3m-2v4x-88gg',
22 silly audit report       title: 'Arbitrary code execution in protobufjs',
22 silly audit report       severity: 'critical',
22 silly audit report       vulnerable_versions: '<7.5.5',
22 silly audit report       cwe: [Array],
22 silly audit report       cvss: [Object]
22 silly audit report     }
22 silly audit report   ],
22 silly audit report   axios: [
22 silly audit report     {
22 silly audit report       id: 1102326,
22 silly audit report       url: 'https://github.com/advisories/GHSA-cph5-m8f7-6c5x',
22 silly audit report       title: 'axios Inefficient Regular Expression Complexity vulnerability',
22 silly audit report       severity: 'high',
22 silly audit report       vulnerable_versions: '<0.21.2',
22 silly audit report       cwe: [Array],
22 silly audit report       cvss: [Object]
22 silly audit report     },
22 silly audit report     {
22 silly audit report       id: 1111034,
22 silly audit report       url: 'https://github.com/advisories/GHSA-jr5f-v2jv-69x6',
22 silly audit report       title: 'axios Requests Vulnerable To Possible SSRF and Credential Leakage via Absolute URL',
22 silly audit report       severity: 'high',
22 silly audit report       vulnerable_versions: '<0.30.0',
22 silly audit report       cwe: [Array],
22 silly audit report       cvss: [Object]
22 silly audit report     },
22 silly audit report     {
22 silly audit report       id: 1118607,
22 silly audit report       url: 'https://github.com/advisories/GHSA-q8qp-cvcw-x6jj',
22 silly audit report       title: 'Axios has prototype pollution read-side gadgets in HTTP adapter that allow credential injection and request hijacking',
22 silly audit report       severity: 'high',
22 silly audit report       vulnerable_versions: '>=1.0.0 <1.15.2',
22 silly audit report       cwe: [Array],
22 silly audit report       cvss: [Object]
22 silly audit report     },
22 silly audit report     {
22 silly audit report       id: 1116672,
22 silly audit report       url: 'https://github.com/advisories/GHSA-3p68-rc4w-qgx5',
22 silly audit report       title: 'Axios has a NO_PROXY Hostname Normalization Bypass that Leads to SSRF',
22 silly audit report       severity: 'moderate',
22 silly audit report       vulnerable_versions: '<0.31.0',
22 silly audit report       cwe: [Array],
22 silly audit report       cvss: [Object]
22 silly audit report     },
22 silly audit report     {
22 silly audit report       id: 1116673,
22 silly audit report       url: 'https://github.com/advisories/GHSA-3p68-rc4w-qgx5',
22 silly audit report       title: 'Axios has a NO_PROXY Hostname Normalization Bypass that Leads to SSRF',
22 silly audit report       severity: 'moderate',
22 silly audit report       vulnerable_versions: '>=1.0.0 <1.15.0',
22 silly audit report       cwe: [Array],
22 silly audit report       cvss: [Object]
22 silly audit report     },
22 silly audit report     {
22 silly audit report       id: 1116674,
22 silly audit report       url: 'https://github.com/advisories/GHSA-fvcv-3m26-pcqx',
22 silly audit report       title: 'Axios has Unrestricted Cloud Metadata Exfiltration via Header Injection Chain',
22 silly audit report       severity: 'moderate',
22 silly audit report       vulnerable_versions: '<0.31.0',
22 silly audit report       cwe: [Array],
22 silly audit report       cvss: [Object]
22 silly audit report     },
22 silly audit report     {
22 silly audit report       id: 1116675,
22 silly audit report       url: 'https://github.com/advisories/GHSA-fvcv-3m26-pcqx',
22 silly audit report       title: 'Axios has Unrestricted Cloud Metadata Exfiltration via Header Injection Chain',
22 silly audit report       severity: 'moderate',
22 silly audit report       vulnerable_versions: '>=1.0.0 <1.15.0',
22 silly audit report       cwe: [Array],
22 silly audit report       cvss: [Object]
22 silly audit report     },
22 silly audit report     {
22 silly audit report       id: 1090049,
22 silly audit report       url: 'https://github.com/advisories/GHSA-4w2v-q235-vp99',
22 silly audit report       title: 'Axios vulnerable to Server-Side Request Forgery',
22 silly audit report       severity: 'moderate',
22 silly audit report       vulnerable_versions: '<0.21.1',
22 silly audit report       cwe: [Array],
22 silly audit report       cvss: [Object]
22 silly audit report     },
22 silly audit report     {
22 silly audit report       id: 1117573,
22 silly audit report       url: 'https://github.com/advisories/GHSA-w9j2-pvgh-6h63',
22 silly audit report       title: 'Axios: Authentication Bypass via Prototype Pollution Gadget in `validateStatus` Merge Strategy',
22 silly audit report       severity: 'moderate',
22 silly audit report       vulnerable_versions: '<=0.31.0',
22 silly audit report       cwe: [Array],
22 silly audit report       cvss: [Object]
22 silly audit report     },
22 silly audit report     {
22 silly audit report       id: 1117574,
22 silly audit report       url: 'https://github.com/advisories/GHSA-w9j2-pvgh-6h63',
22 silly audit report       title: 'Axios: Authentication Bypass via Prototype Pollution Gadget in `validateStatus` Merge Strategy',
22 silly audit report       severity: 'moderate',
22 silly audit report       vulnerable_versions: '>=1.0.0 <1.15.1',
22 silly audit report       cwe: [Array],
22 silly audit report       cvss: [Object]
22 silly audit report     },
22 silly audit report     {
22 silly audit report       id: 1117575,
22 silly audit report       url: 'https://github.com/advisories/GHSA-pmwg-cvhr-8vh7',
22 silly audit report       title: 'Axios: Incomplete Fix for CVE-2025-62718 — NO_PROXY Protection Bypassed via RFC 1122 Loopback Subnet (127.0.0.0/8) in Axios 1.15.0',
22 silly audit report       severity: 'high',
22 silly audit report       vulnerable_versions: '<=0.31.0',
22 silly audit report       cwe: [Array],
22 silly audit report       cvss: [Object]
22 silly audit report     },
22 silly audit report     {
22 silly audit report       id: 1117576,
22 silly audit report       url: 'https://github.com/advisories/GHSA-pmwg-cvhr-8vh7',
22 silly audit report       title: 'Axios: Incomplete Fix for CVE-2025-62718 — NO_PROXY Protection Bypassed via RFC 1122 Loopback Subnet (127.0.0.0/8) in Axios 1.15.0',
22 silly audit report       severity: 'high',
22 silly audit report       vulnerable_versions: '>=1.0.0 <1.15.1',
22 silly audit report       cwe: [Array],
22 silly audit report       cvss: [Object]
22 silly audit report     },
22 silly audit report     {
22 silly audit report       id: 1117577,
22 silly audit report       url: 'https://github.com/advisories/GHSA-3w6x-2g7m-8v23',
22 silly audit report       title: 'Axios: Invisible JSON Response Tampering via Prototype Pollution Gadget in `parseReviver`',
22 silly audit report       severity: 'moderate',
22 silly audit report       vulnerable_versions: '>=1.0.0 <1.15.2',
22 silly audit report       cwe: [Array],
22 silly audit report       cvss: [Object]
22 silly audit report     },
22 silly audit report     {
22 silly audit report       id: 1117579,
22 silly audit report       url: 'https://github.com/advisories/GHSA-xhjh-pmcv-23jw',
22 silly audit report       title: 'Axios: Null Byte Injection via Reverse-Encoding in AxiosURLSearchParams',
22 silly audit report       severity: 'low',
22 silly audit report       vulnerable_versions: '<=0.31.0',
22 silly audit report       cwe: [Array],
22 silly audit report       cvss: [Object]
22 silly audit report     },
22 silly audit report     {
22 silly audit report       id: 1117580,
22 silly audit report       url: 'https://github.com/advisories/GHSA-xhjh-pmcv-23jw',
22 silly audit report       title: 'Axios: Null Byte Injection via Reverse-Encoding in AxiosURLSearchParams',
22 silly audit report       severity: 'low',
22 silly audit report       vulnerable_versions: '>=1.0.0 <1.15.1',
22 silly audit report       cwe: [Array],
22 silly audit report       cvss: [Object]
22 silly audit report     },
22 silly audit report     {
22 silly audit report       id: 1117581,
22 silly audit report       url: 'https://github.com/advisories/GHSA-445q-vr5w-6q77',
22 silly audit report       title: 'Axios: CRLF Injection in multipart/form-data body via unsanitized blob.type in formDataToStream',
22 silly audit report       severity: 'moderate',
22 silly audit report       vulnerable_versions: '>=1.0.0 <1.15.1',
22 silly audit report       cwe: [Array],
22 silly audit report       cvss: [Object]
22 silly audit report     },
22 silly audit report     {
22 silly audit report       id: 1117582,
22 silly audit report       url: 'https://github.com/advisories/GHSA-m7pr-hjqh-92cm',
22 silly audit report       title: 'Axios: no_proxy bypass via IP alias allows SSRF',
22 silly audit report       severity: 'moderate',
22 silly audit report       vulnerable_versions: '<=0.31.0',
22 silly audit report       cwe: [Array],
22 silly audit report       cvss: [Object]
22 silly audit report     },
22 silly audit report     {
22 silly audit report       id: 1117583,
22 silly audit report       url: 'https://github.com/advisories/GHSA-m7pr-hjqh-92cm',
22 silly audit report       title: 'Axios: no_proxy bypass via IP alias allows SSRF',
22 silly audit report       severity: 'moderate',
22 silly audit report       vulnerable_versions: '>=1.0.0 <1.15.1',
22 silly audit report       cwe: [Array],
22 silly audit report       cvss: [Object]
22 silly audit report     },
22 silly audit report     {
22 silly audit report       id: 1117584,
22 silly audit report       url: 'https://github.com/advisories/GHSA-62hf-57xw-28j9',
22 silly audit report       title: 'Axios: unbounded recursion in toFormData causes DoS via deeply nested request data',
22 silly audit report       severity: 'moderate',
22 silly audit report       vulnerable_versions: '<=0.31.0',
22 silly audit report       cwe: [Array],
22 silly audit report       cvss: [Object]
22 silly audit report     },
22 silly audit report     {
22 silly audit report       id: 1117585,
22 silly audit report       url: 'https://github.com/advisories/GHSA-62hf-57xw-28j9',
22 silly audit report       title: 'Axios: unbounded recursion in toFormData causes DoS via deeply nested request data',
22 silly audit report       severity: 'moderate',
22 silly audit report       vulnerable_versions: '>=1.0.0 <1.15.1',
22 silly audit report       cwe: [Array],
22 silly audit report       cvss: [Object]
22 silly audit report     },
22 silly audit report     {
22 silly audit report       id: 1117586,
22 silly audit report       url: 'https://github.com/advisories/GHSA-5c9x-8gcm-mpgx',
22 silly audit report       title: "Axios' HTTP adapter-streamed uploads bypass maxBodyLength when maxRedirects: 0",
22 silly audit report       severity: 'moderate',
22 silly audit report       vulnerable_versions: '<=0.31.0',
22 silly audit report       cwe: [Array],
22 silly audit report       cvss: [Object]
22 silly audit report     },
22 silly audit report     {
22 silly audit report       id: 1117587,
22 silly audit report       url: 'https://github.com/advisories/GHSA-5c9x-8gcm-mpgx',
22 silly audit report       title: "Axios' HTTP adapter-streamed uploads bypass maxBodyLength when maxRedirects: 0",
22 silly audit report       severity: 'moderate',
22 silly audit report       vulnerable_versions: '>=1.0.0 <1.15.1',
22 silly audit report       cwe: [Array],
22 silly audit report       cvss: [Object]
22 silly audit report     },
22 silly audit report     {
22 silly audit report       id: 1117588,
22 silly audit report       url: 'https://github.com/advisories/GHSA-vf2m-468p-8v99',
22 silly audit report       title: 'Axios: HTTP adapter streamed responses bypass maxContentLength',
22 silly audit report       severity: 'moderate',
22 silly audit report       vulnerable_versions: '<=0.31.0',
22 silly audit report       cwe: [Array],
22 silly audit report       cvss: [Object]
22 silly audit report     },
22 silly audit report     {
22 silly audit report       id: 1117589,
22 silly audit report       url: 'https://github.com/advisories/GHSA-vf2m-468p-8v99',
22 silly audit report       title: 'Axios: HTTP adapter streamed responses bypass maxContentLength',
22 silly audit report       severity: 'moderate',
22 silly audit report       vulnerable_versions: '>=1.0.0 <1.15.1',
22 silly audit report       cwe: [Array],
22 silly audit report       cvss: [Object]
22 silly audit report     },
22 silly audit report     {
22 silly audit report       id: 1117590,
22 silly audit report       url: 'https://github.com/advisories/GHSA-pf86-5x62-jrwf',
22 silly audit report       title: 'Axios: Prototype Pollution Gadgets - Response Tampering, Data Exfiltration, and Request Hijacking',
22 silly audit report       severity: 'high',
22 silly audit report       vulnerable_versions: '<=0.31.0',
22 silly audit report       cwe: [Array],
22 silly audit report       cvss: [Object]
22 silly audit report     },
22 silly audit report     {
22 silly audit report       id: 1117591,
22 silly audit report       url: 'https://github.com/advisories/GHSA-pf86-5x62-jrwf',
22 silly audit report       title: 'Axios: Prototype Pollution Gadgets - Response Tampering, Data Exfiltration, and Request Hijacking',
22 silly audit report       severity: 'high',
22 silly audit report       vulnerable_versions: '>=1.0.0 <1.15.1',
22 silly audit report       cwe: [Array],
22 silly audit report       cvss: [Object]
22 silly audit report     },
22 silly audit report     {
22 silly audit report       id: 1117592,
22 silly audit report       url: 'https://github.com/advisories/GHSA-6chq-wfr3-2hj9',
22 silly audit report       title: 'Axios: Header Injection via Prototype Pollution',
22 silly audit report       severity: 'high',
22 silly audit report       vulnerable_versions: '<=0.31.0',
22 silly audit report       cwe: [Array],
22 silly audit report       cvss: [Object]
22 silly audit report     },
22 silly audit report     {
22 silly audit report       id: 1117593,
22 silly audit report       url: 'https://github.com/advisories/GHSA-6chq-wfr3-2hj9',
22 silly audit report       title: 'Axios: Header Injection via Prototype Pollution',
22 silly audit report       severity: 'high',
22 silly audit report       vulnerable_versions: '>=1.0.0 <1.15.1',
22 silly audit report       cwe: [Array],
22 silly audit report       cvss: [Object]
22 silly audit report     },
22 silly audit report     {
22 silly audit report       id: 1117594,
22 silly audit report       url: 'https://github.com/advisories/GHSA-xx6v-rp6x-q39c',
22 silly audit report       title: 'Axios: XSRF Token Cross-Origin Leakage via Prototype Pollution Gadget in `withXSRFToken` Boolean Coercion',
22 silly audit report       severity: 'moderate',
22 silly audit report       vulnerable_versions: '<=0.31.0',
22 silly audit report       cwe: [Array],
22 silly audit report       cvss: [Object]
22 silly audit report     },
22 silly audit report     {
22 silly audit report       id: 1117595,
22 silly audit report       url: 'https://github.com/advisories/GHSA-xx6v-rp6x-q39c',
22 silly audit report       title: 'Axios: XSRF Token Cross-Origin Leakage via Prototype Pollution Gadget in `withXSRFToken` Boolean Coercion',
22 silly audit report       severity: 'moderate',
22 silly audit report       vulnerable_versions: '>=1.0.0 <1.15.1',
22 silly audit report       cwe: [Array],
22 silly audit report       cvss: [Object]
22 silly audit report     },
22 silly audit report     {
22 silly audit report       id: 1117857,
22 silly audit report       url: 'https://github.com/advisories/GHSA-43fc-jf86-j433',
22 silly audit report       title: 'Axios is Vulnerable to Denial of Service via __proto__ Key in mergeConfig',
22 silly audit report       severity: 'high',
22 silly audit report       vulnerable_versions: '<=0.30.2',
22 silly audit report       cwe: [Array],
22 silly audit report       cvss: [Object]
22 silly audit report     },
22 silly audit report     {
22 silly audit report       id: 1097679,
22 silly audit report       url: 'https://github.com/advisories/GHSA-wf5p-g6vw-rhxx',
22 silly audit report       title: 'Axios Cross-Site Request Forgery Vulnerability',
22 silly audit report       severity: 'moderate',
22 silly audit report       vulnerable_versions: '>=0.8.1 <0.28.0',
22 silly audit report       cwe: [Array],
22 silly audit report       cvss: [Object]
22 silly audit report     }
22 silly audit report   ],
22 silly audit report   'brace-expansion': [
22 silly audit report     {
22 silly audit report       id: 1115540,
22 silly audit report       url: 'https://github.com/advisories/GHSA-f886-m6hf-6m8v',
22 silly audit report       title: 'brace-expansion: Zero-step sequence causes process hang and memory exhaustion',
22 silly audit report       severity: 'moderate',
22 silly audit report       vulnerable_versions: '<1.1.13',
22 silly audit report       cwe: [Array],
22 silly audit report       cvss: [Object]
22 silly audit report     }
22 silly audit report   ],
22 silly audit report   cookie: [
22 silly audit report     {
22 silly audit report       id: 1103907,
22 silly audit report       url: 'https://github.com/advisories/GHSA-pxg6-pf52-xh8x',
22 silly audit report       title: 'cookie accepts cookie name, path, and domain with out of bounds characters',
22 silly audit report       severity: 'low',
22 silly audit report       vulnerable_versions: '<0.7.0',
22 silly audit report       cwe: [Array],
22 silly audit report       cvss: [Object]
22 silly audit report     }
22 silly audit report   ],
22 silly audit report   'file-type': [
22 silly audit report     {
22 silly audit report       id: 1114301,
22 silly audit report       url: 'https://github.com/advisories/GHSA-5v7r-6r5c-r473',
22 silly audit report       title: 'file-type affected by infinite loop in ASF parser on malformed input with zero-size sub-header',
22 silly audit report       severity: 'moderate',
22 silly audit report       vulnerable_versions: '>=13.0.0 <21.3.1',
22 silly audit report       cwe: [Array],
22 silly audit report       cvss: [Object]
22 silly audit report     },
22 silly audit report     {
22 silly audit report       id: 1114726,
22 silly audit report       url: 'https://github.com/advisories/GHSA-j47w-4g3g-c36v',
22 silly audit report       title: 'file-type: ZIP Decompression Bomb DoS via [Content_Types].xml entry',
22 silly audit report       severity: 'moderate',
22 silly audit report       vulnerable_versions: '>=20.0.0 <=21.3.1',
22 silly audit report       cwe: [Array],
22 silly audit report       cvss: [Object]
22 silly audit report     }
22 silly audit report   ],
22 silly audit report   'follow-redirects': [
22 silly audit report     {
22 silly audit report       id: 1116560,
22 silly audit report       url: 'https://github.com/advisories/GHSA-r4q5-vmmm-2653',
22 silly audit report       title: 'follow-redirects leaks Custom Authentication Headers to Cross-Domain Redirect Targets',
22 silly audit report       severity: 'moderate',
22 silly audit report       vulnerable_versions: '<=1.15.11',
22 silly audit report       cwe: [Array],
22 silly audit report       cvss: [Object]
22 silly audit report     }
22 silly audit report   ],
22 silly audit report   'form-data': [
22 silly audit report     {
22 silly audit report       id: 1109540,
22 silly audit report       url: 'https://github.com/advisories/GHSA-fjxv-7rqg-78g4',
22 silly audit report       title: 'form-data uses unsafe random function in form-data for choosing boundary',
22 silly audit report       severity: 'critical',
22 silly audit report       vulnerable_versions: '<2.5.4',
22 silly audit report       cwe: [Array],
22 silly audit report       cvss: [Object]
22 silly audit report     }
22 silly audit report   ],
22 silly audit report   'yargs-parser': [
22 silly audit report     {
22 silly audit report       id: 1088783,
22 silly audit report       url: 'https://github.com/advisories/GHSA-p9pc-299p-vxgp',
22 silly audit report       title: 'yargs-parser Vulnerable to Prototype Pollution',
22 silly audit report       severity: 'moderate',
22 silly audit report       vulnerable_versions: '<=5.0.0',
22 silly audit report       cwe: [Array],
22 silly audit report       cvss: [Object]
22 silly audit report     }
22 silly audit report   ],
22 silly audit report   'tough-cookie': [
22 silly audit report     {
22 silly audit report       id: 1097682,
22 silly audit report       url: 'https://github.com/advisories/GHSA-72xf-g2v4-qvf3',
22 silly audit report       title: 'tough-cookie Prototype Pollution vulnerability',
22 silly audit report       severity: 'moderate',
22 silly audit report       vulnerable_versions: '<4.1.3',
22 silly audit report       cwe: [Array],
22 silly audit report       cvss: [Object]
22 silly audit report     }
22 silly audit report   ],
22 silly audit report   'jsonpath-plus': [
22 silly audit report     {
22 silly audit report       id: 1102423,
22 silly audit report       url: 'https://github.com/advisories/GHSA-pppg-cpfq-h7wr',
22 silly audit report       title: 'JSONPath Plus Remote Code Execution (RCE) Vulnerability',
22 silly audit report       severity: 'critical',
22 silly audit report       vulnerable_versions: '<10.2.0',
22 silly audit report       cwe: [Array],
22 silly audit report       cvss: [Object]
22 silly audit report     },
22 silly audit report     {
22 silly audit report       id: 1102895,
22 silly audit report       url: 'https://github.com/advisories/GHSA-hw8r-x6gr-5gjp',
22 silly audit report       title: 'JSONPath Plus allows Remote Code Execution',
22 silly audit report       severity: 'high',
22 silly audit report       vulnerable_versions: '<10.3.0',
22 silly audit report       cwe: [Array],
22 silly audit report       cvss: [Object]
22 silly audit report     }
22 silly audit report   ],
22 silly audit report   'link-preview-js': [
22 silly audit report     {
22 silly audit report       id: 1118723,
22 silly audit report       url: 'https://github.com/advisories/GHSA-4gp8-rjrq-ch6q',
22 silly audit report       title: 'link-preview-js vulnerable to IPv6 and internal loopback attacks',
22 silly audit report       severity: 'high',
22 silly audit report       vulnerable_versions: '<=4.0.0',
22 silly audit report       cwe: [Array],
22 silly audit report       cvss: [Object]
22 silly audit report     }
22 silly audit report   ],
22 silly audit report   minimatch: [
22 silly audit report     {
22 silly audit report       id: 1113459,
22 silly audit report       url: 'https://github.com/advisories/GHSA-3ppc-4f35-3m26',
22 silly audit report       title: 'minimatch has a ReDoS via repeated wildcards with non-matching literal in pattern',
22 silly audit report       severity: 'high',
22 silly audit report       vulnerable_versions: '<3.1.3',
22 silly audit report       cwe: [Array],
22 silly audit report       cvss: [Object]
22 silly audit report     },
22 silly audit report     {
22 silly audit report       id: 1113538,
22 silly audit report       url: 'https://github.com/advisories/GHSA-7r86-cg39-jmmj',
22 silly audit report       title: 'minimatch has ReDoS: matchOne() combinatorial backtracking via multiple non-adjacent GLOBSTAR segments',
22 silly audit report       severity: 'high',
22 silly audit report       vulnerable_versions: '<3.1.3',
22 silly audit report       cwe: [Array],
22 silly audit report       cvss: [Object]
22 silly audit report     },
22 silly audit report     {
22 silly audit report       id: 1113546,
22 silly audit report       url: 'https://github.com/advisories/GHSA-23c5-xmqv-rm74',
22 silly audit report       title: 'minimatch ReDoS: nested *() extglobs generate catastrophically backtracking regular expressions',
22 silly audit report       severity: 'high',
22 silly audit report       vulnerable_versions: '<3.1.4',
22 silly audit report       cwe: [Array],
22 silly audit report       cvss: [Object]
22 silly audit report     }
22 silly audit report   ],
22 silly audit report   'music-metadata': [
22 silly audit report     {
22 silly audit report       id: 1114969,
22 silly audit report       url: 'https://github.com/advisories/GHSA-v6c2-xwv6-8xf7',
22 silly audit report       title: 'music-metadata has an infinite loop vulnerability in ASF parser',
22 silly audit report       severity: 'high',
22 silly audit report       vulnerable_versions: '<=11.12.1',
22 silly audit report       cwe: [Array],
22 silly audit report       cvss: [Object]
22 silly audit report     }
22 silly audit report   ],
22 silly audit report   qs: [
22 silly audit report     {
22 silly audit report       id: 1113719,
22 silly audit report       url: 'https://github.com/advisories/GHSA-6rw7-vpxm-498p',
22 silly audit report       title: "qs's arrayLimit bypass in its bracket notation allows DoS via memory exhaustion",
22 silly audit report       severity: 'moderate',
22 silly audit report       vulnerable_versions: '<6.14.1',
22 silly audit report       cwe: [Array],
22 silly audit report       cvss: [Object]
22 silly audit report     }
22 silly audit report   ],
22 silly audit report   request: [
22 silly audit report     {
22 silly audit report       id: 1096727,
22 silly audit report       url: 'https://github.com/advisories/GHSA-p8p7-x288-28g6',
22 silly audit report       title: 'Server-Side Request Forgery in Request',
22 silly audit report       severity: 'moderate',
22 silly audit report       vulnerable_versions: '<=2.88.2',
22 silly audit report       cwe: [Array],
22 silly audit report       cvss: [Object]
22 silly audit report     }
22 silly audit report   ],
22 silly audit report   undici: [
22 silly audit report     {
22 silly audit report       id: 1114591,
22 silly audit report       url: 'https://github.com/advisories/GHSA-f269-vfmq-vjvj',
22 silly audit report       title: 'Undici: Malicious WebSocket 64-bit length overflows parser and crashes the client',
22 silly audit report       severity: 'high',
22 silly audit report       vulnerable_versions: '>=7.0.0 <7.24.0',
22 silly audit report       cwe: [Array],
22 silly audit report       cvss: [Object]
22 silly audit report     },
22 silly audit report     {
22 silly audit report       id: 1114593,
22 silly audit report       url: 'https://github.com/advisories/GHSA-2mjp-6q6p-2qxm',
22 silly audit report       title: 'Undici has an HTTP Request/Response Smuggling issue',
22 silly audit report       severity: 'moderate',
22 silly audit report       vulnerable_versions: '>=7.0.0 <7.24.0',
22 silly audit report       cwe: [Array],
22 silly audit report       cvss: [Object]
22 silly audit report     },
22 silly audit report     {
22 silly audit report       id: 1114637,
22 silly audit report       url: 'https://github.com/advisories/GHSA-vrm6-8vpv-qv8q',
22 silly audit report       title: 'Undici has Unbounded Memory Consumption in WebSocket permessage-deflate Decompression',
22 silly audit report       severity: 'high',
22 silly audit report       vulnerable_versions: '>=7.0.0 <7.24.0',
22 silly audit report       cwe: [Array],
22 silly audit report       cvss: [Object]
22 silly audit report     },
22 silly audit report     {
22 silly audit report       id: 1114639,
22 silly audit report       url: 'https://github.com/advisories/GHSA-v9p9-hfj2-hcw8',
22 silly audit report       title: 'Undici has Unhandled Exception in WebSocket Client Due to Invalid server_max_window_bits Validation',
22 silly audit report       severity: 'high',
22 silly audit report       vulnerable_versions: '>=7.0.0 <7.24.0',
22 silly audit report       cwe: [Array],
22 silly audit report       cvss: [Object]
22 silly audit report     },
22 silly audit report     {
22 silly audit report       id: 1114641,
22 silly audit report       url: 'https://github.com/advisories/GHSA-4992-7rv2-5pvq',
22 silly audit report       title: 'Undici has CRLF Injection in undici via `upgrade` option',
22 silly audit report       severity: 'moderate',
22 silly audit report       vulnerable_versions: '>=7.0.0 <7.24.0',
22 silly audit report       cwe: [Array],
22 silly audit report       cvss: [Object]
22 silly audit report     },
22 silly audit report     {
22 silly audit report       id: 1114643,
22 silly audit report       url: 'https://github.com/advisories/GHSA-phc3-fgpg-7m6h',
22 silly audit report       title: 'Undici has Unbounded Memory Consumption in its DeduplicationHandler via Response Buffering that leads to DoS',
22 silly audit report       severity: 'moderate',
22 silly audit report       vulnerable_versions: '>=7.17.0 <7.24.0',
22 silly audit report       cwe: [Array],
22 silly audit report       cvss: [Object]
22 silly audit report     }
22 silly audit report   ]
22 silly audit report }
23 silly packumentCache corgi:https://registry.npmjs.org/@protobufjs%2futf8 cache-miss
24 silly packumentCache corgi:https://registry.npmjs.org/@tootallnate%2fonce cache-miss
25 silly packumentCache corgi:https://registry.npmjs.org/protobufjs cache-miss
26 silly packumentCache corgi:https://registry.npmjs.org/axios cache-miss
27 silly packumentCache corgi:https://registry.npmjs.org/brace-expansion cache-miss
28 silly packumentCache corgi:https://registry.npmjs.org/cookie cache-miss
29 silly packumentCache corgi:https://registry.npmjs.org/file-type cache-miss
30 silly packumentCache corgi:https://registry.npmjs.org/follow-redirects cache-miss
31 silly packumentCache corgi:https://registry.npmjs.org/form-data cache-miss
32 silly packumentCache corgi:https://registry.npmjs.org/yargs-parser cache-miss
33 silly packumentCache corgi:https://registry.npmjs.org/tough-cookie cache-miss
34 silly packumentCache corgi:https://registry.npmjs.org/jsonpath-plus cache-miss
35 silly packumentCache corgi:https://registry.npmjs.org/link-preview-js cache-miss
36 silly packumentCache corgi:https://registry.npmjs.org/minimatch cache-miss
37 silly packumentCache corgi:https://registry.npmjs.org/music-metadata cache-miss
38 silly packumentCache corgi:https://registry.npmjs.org/qs cache-miss
39 silly packumentCache corgi:https://registry.npmjs.org/request cache-miss
40 silly packumentCache corgi:https://registry.npmjs.org/undici cache-miss
41 http fetch GET 200 https://registry.npmjs.org/@protobufjs%2futf8 1236ms (cache revalidated)
42 silly packumentCache corgi:https://registry.npmjs.org/@protobufjs%2futf8 set size:5066 disposed:false
43 http fetch GET 200 https://registry.npmjs.org/follow-redirects 1246ms (cache revalidated)
44 silly packumentCache corgi:https://registry.npmjs.org/follow-redirects set size:88479 disposed:false
45 http fetch GET 200 https://registry.npmjs.org/brace-expansion 1350ms (cache revalidated)
46 silly packumentCache corgi:https://registry.npmjs.org/brace-expansion set size:23348 disposed:false
47 http fetch GET 200 https://registry.npmjs.org/@tootallnate%2fonce 1473ms (cache revalidated)
48 silly packumentCache corgi:https://registry.npmjs.org/@tootallnate%2fonce set size:11748 disposed:false
49 http fetch GET 200 https://registry.npmjs.org/file-type 1462ms (cache revalidated)
50 silly packumentCache corgi:https://registry.npmjs.org/file-type set size:198411 disposed:false
51 http fetch GET 200 https://registry.npmjs.org/form-data 1544ms (cache revalidated)
52 silly packumentCache corgi:https://registry.npmjs.org/form-data set size:51426 disposed:false
53 http fetch GET 200 https://registry.npmjs.org/tough-cookie 1555ms (cache revalidated)
54 silly packumentCache corgi:https://registry.npmjs.org/tough-cookie set size:56308 disposed:false
55 http fetch GET 200 https://registry.npmjs.org/cookie 1638ms (cache revalidated)
56 silly packumentCache corgi:https://registry.npmjs.org/cookie set size:23677 disposed:false
57 http fetch GET 200 https://registry.npmjs.org/yargs-parser 1608ms (cache revalidated)
58 silly packumentCache corgi:https://registry.npmjs.org/yargs-parser set size:114022 disposed:false
59 http fetch GET 200 https://registry.npmjs.org/minimatch 1616ms (cache revalidated)
60 silly packumentCache corgi:https://registry.npmjs.org/minimatch set size:168441 disposed:false
61 http fetch GET 200 https://registry.npmjs.org/link-preview-js 1689ms (cache revalidated)
62 silly packumentCache corgi:https://registry.npmjs.org/link-preview-js set size:77126 disposed:false
63 http fetch GET 200 https://registry.npmjs.org/jsonpath-plus 1716ms (cache revalidated)
64 silly packumentCache corgi:https://registry.npmjs.org/jsonpath-plus set size:87378 disposed:false
65 http fetch GET 200 https://registry.npmjs.org/request 1714ms (cache revalidated)
66 silly packumentCache corgi:https://registry.npmjs.org/request set size:129997 disposed:false
67 http fetch GET 200 https://registry.npmjs.org/music-metadata 1733ms (cache revalidated)
68 silly packumentCache corgi:https://registry.npmjs.org/music-metadata set size:541099 disposed:false
69 http fetch GET 200 https://registry.npmjs.org/axios 1941ms (cache updated)
70 silly packumentCache corgi:https://registry.npmjs.org/axios set size:undefined disposed:false
71 http fetch GET 200 https://registry.npmjs.org/protobufjs 2378ms (cache updated)
72 silly packumentCache corgi:https://registry.npmjs.org/protobufjs set size:undefined disposed:false
73 http fetch GET 200 https://registry.npmjs.org/qs 2567ms (cache updated)
74 silly packumentCache corgi:https://registry.npmjs.org/qs set size:undefined disposed:false
75 http fetch GET 200 https://registry.npmjs.org/undici 2672ms (cache updated)
76 silly packumentCache corgi:https://registry.npmjs.org/undici set size:undefined disposed:false
77 silly packumentCache corgi:https://registry.npmjs.org/http-proxy-agent cache-miss
78 http fetch GET 200 https://registry.npmjs.org/http-proxy-agent 74ms (cache revalidated)
79 silly packumentCache corgi:https://registry.npmjs.org/http-proxy-agent set size:24577 disposed:false
80 silly packumentCache corgi:https://registry.npmjs.org/@whiskeysockets%2flibsignal-node cache-miss
81 silly packumentCache corgi:https://registry.npmjs.org/libsignal cache-miss
82 silly packumentCache corgi:https://registry.npmjs.org/@whiskeysockets%2fbaileys cache-miss
83 http fetch GET 404 https://registry.npmjs.org/@whiskeysockets%2flibsignal-node 50ms (cache skip)
84 silly packumentCache corgi:https://registry.npmjs.org/@whiskeysockets%2flibsignal-node cache-miss
85 http fetch GET 404 https://registry.npmjs.org/@whiskeysockets%2flibsignal-node 42ms (cache skip)
86 http fetch GET 200 https://registry.npmjs.org/libsignal 116ms (cache updated)
87 silly packumentCache corgi:https://registry.npmjs.org/libsignal set size:undefined disposed:false
88 http fetch GET 200 https://registry.npmjs.org/@whiskeysockets%2fbaileys 181ms (cache updated)
89 silly packumentCache corgi:https://registry.npmjs.org/@whiskeysockets%2fbaileys set size:undefined disposed:false
90 silly packumentCache corgi:https://registry.npmjs.org/translate-google-api cache-miss
91 http fetch GET 200 https://registry.npmjs.org/translate-google-api 99ms (cache revalidated)
92 silly packumentCache corgi:https://registry.npmjs.org/translate-google-api set size:7548 disposed:false
93 silly packumentCache corgi:https://registry.npmjs.org/axios-cookiejar-support cache-miss
94 silly packumentCache corgi:https://registry.npmjs.org/mumaker cache-miss
95 silly packumentCache corgi:https://registry.npmjs.org/ruhend-scraper cache-miss
96 http fetch GET 200 https://registry.npmjs.org/axios-cookiejar-support 91ms (cache revalidated)
97 silly packumentCache corgi:https://registry.npmjs.org/axios-cookiejar-support set size:71326 disposed:false
98 http fetch GET 200 https://registry.npmjs.org/ruhend-scraper 102ms (cache revalidated)
99 silly packumentCache corgi:https://registry.npmjs.org/ruhend-scraper set size:20653 disposed:false
100 http fetch GET 200 https://registry.npmjs.org/mumaker 108ms (cache revalidated)
101 silly packumentCache corgi:https://registry.npmjs.org/mumaker set size:2260 disposed:false
102 silly packumentCache corgi:https://registry.npmjs.org/set-cookie cache-miss
103 http fetch GET 200 https://registry.npmjs.org/set-cookie 70ms (cache revalidated)
104 silly packumentCache corgi:https://registry.npmjs.org/set-cookie set size:2703 disposed:false
105 silly packumentCache corgi:https://registry.npmjs.org/@jimp%2fcore cache-miss
106 http fetch GET 200 https://registry.npmjs.org/@jimp%2fcore 109ms (cache revalidated)
107 silly packumentCache corgi:https://registry.npmjs.org/@jimp%2fcore set size:403318 disposed:false
108 silly packumentCache corgi:https://registry.npmjs.org/centra cache-miss
109 http fetch GET 200 https://registry.npmjs.org/centra 105ms (cache revalidated)
110 silly packumentCache corgi:https://registry.npmjs.org/centra set size:22694 disposed:false
111 silly packumentCache corgi:https://registry.npmjs.org/yargs cache-miss
112 http fetch GET 200 https://registry.npmjs.org/yargs 87ms (cache revalidated)
113 silly packumentCache corgi:https://registry.npmjs.org/yargs set size:342846 disposed:false
114 silly packumentCache corgi:https://registry.npmjs.org/youtube-yts cache-miss
115 http fetch GET 200 https://registry.npmjs.org/youtube-yts 88ms (cache revalidated)
116 silly packumentCache corgi:https://registry.npmjs.org/youtube-yts set size:2250 disposed:false
117 silly packumentCache corgi:https://registry.npmjs.org/redstar cache-miss
118 http fetch GET 200 https://registry.npmjs.org/redstar 48ms (cache revalidated)
119 silly packumentCache corgi:https://registry.npmjs.org/redstar set size:1262 disposed:false
120 silly packumentCache corgi:https://registry.npmjs.org/gtts cache-miss
121 http fetch GET 200 https://registry.npmjs.org/gtts 51ms (cache revalidated)
122 silly packumentCache corgi:https://registry.npmjs.org/gtts set size:2461 disposed:false
123 silly packumentCache corgi:https://registry.npmjs.org/@distube%2fytdl-core cache-miss
124 silly packumentCache corgi:https://registry.npmjs.org/cheerio cache-miss
125 silly packumentCache corgi:https://registry.npmjs.org/http-cookie-agent cache-miss
126 http fetch GET 200 https://registry.npmjs.org/http-cookie-agent 74ms (cache revalidated)
127 silly packumentCache corgi:https://registry.npmjs.org/http-cookie-agent set size:72793 disposed:false
128 http fetch GET 200 https://registry.npmjs.org/cheerio 193ms (cache revalidated)
129 silly packumentCache corgi:https://registry.npmjs.org/cheerio set size:70560 disposed:false
130 http fetch GET 200 https://registry.npmjs.org/@distube%2fytdl-core 219ms (cache revalidated)
131 silly packumentCache corgi:https://registry.npmjs.org/@distube%2fytdl-core set size:73698 disposed:false
132 silly packumentCache corgi:https://registry.npmjs.org/jsdom cache-miss
133 http fetch GET 200 https://registry.npmjs.org/jsdom 76ms (cache revalidated)
134 silly packumentCache corgi:https://registry.npmjs.org/jsdom set size:383595 disposed:false
135 silly packumentCache corgi:https://registry.npmjs.org/@jimp%2fjs-bmp cache-miss
136 silly packumentCache corgi:https://registry.npmjs.org/@jimp%2fjs-gif cache-miss
137 silly packumentCache corgi:https://registry.npmjs.org/@jimp%2fjs-jpeg cache-miss
138 silly packumentCache corgi:https://registry.npmjs.org/@jimp%2fjs-png cache-miss
139 silly packumentCache corgi:https://registry.npmjs.org/@jimp%2fjs-tiff cache-miss
140 silly packumentCache corgi:https://registry.npmjs.org/@jimp%2fplugin-blur cache-miss
141 silly packumentCache corgi:https://registry.npmjs.org/@jimp%2fplugin-color cache-miss
142 silly packumentCache corgi:https://registry.npmjs.org/@jimp%2fplugin-contain cache-miss
143 silly packumentCache corgi:https://registry.npmjs.org/@jimp%2fplugin-cover cache-miss
144 silly packumentCache corgi:https://registry.npmjs.org/@jimp%2fplugin-crop cache-miss
145 silly packumentCache corgi:https://registry.npmjs.org/@jimp%2fplugin-hash cache-miss
146 silly packumentCache corgi:https://registry.npmjs.org/@jimp%2fplugin-print cache-miss
147 silly packumentCache corgi:https://registry.npmjs.org/@jimp%2fplugin-resize cache-miss
148 silly packumentCache corgi:https://registry.npmjs.org/@jimp%2fplugin-rotate cache-miss
149 silly packumentCache corgi:https://registry.npmjs.org/@jimp%2fplugin-threshold cache-miss
150 silly packumentCache corgi:https://registry.npmjs.org/jimp cache-miss
151 http fetch GET 200 https://registry.npmjs.org/@jimp%2fplugin-contain 570ms (cache revalidated)
152 silly packumentCache corgi:https://registry.npmjs.org/@jimp%2fplugin-contain set size:444619 disposed:false
153 http fetch GET 200 https://registry.npmjs.org/@jimp%2fjs-bmp 625ms (cache revalidated)
154 silly packumentCache corgi:https://registry.npmjs.org/@jimp%2fjs-bmp set size:21179 disposed:false
155 http fetch GET 200 https://registry.npmjs.org/@jimp%2fjs-png 690ms (cache revalidated)
156 silly packumentCache corgi:https://registry.npmjs.org/@jimp%2fjs-png set size:20029 disposed:false
157 http fetch GET 200 https://registry.npmjs.org/@jimp%2fjs-tiff 712ms (cache revalidated)
158 silly packumentCache corgi:https://registry.npmjs.org/@jimp%2fjs-tiff set size:20076 disposed:false
159 http fetch GET 200 https://registry.npmjs.org/@jimp%2fjs-jpeg 723ms (cache revalidated)
160 silly packumentCache corgi:https://registry.npmjs.org/@jimp%2fjs-jpeg set size:19627 disposed:false
161 http fetch GET 200 https://registry.npmjs.org/@jimp%2fplugin-hash 908ms (cache revalidated)
162 silly packumentCache corgi:https://registry.npmjs.org/@jimp%2fplugin-hash set size:24798 disposed:false
163 http fetch GET 200 https://registry.npmjs.org/@jimp%2fplugin-blur 968ms (cache revalidated)
164 silly packumentCache corgi:https://registry.npmjs.org/@jimp%2fplugin-blur set size:363483 disposed:false
165 http fetch GET 200 https://registry.npmjs.org/@jimp%2fjs-gif 1037ms (cache revalidated)
166 silly packumentCache corgi:https://registry.npmjs.org/@jimp%2fjs-gif set size:21006 disposed:false
167 http fetch GET 200 https://registry.npmjs.org/@jimp%2fplugin-resize 1020ms (cache revalidated)
168 silly packumentCache corgi:https://registry.npmjs.org/@jimp%2fplugin-resize set size:392958 disposed:false
169 http fetch GET 200 https://registry.npmjs.org/@jimp%2fplugin-color 1082ms (cache revalidated)
170 silly packumentCache corgi:https://registry.npmjs.org/@jimp%2fplugin-color set size:412382 disposed:false
171 http fetch GET 200 https://registry.npmjs.org/@jimp%2fplugin-crop 1122ms (cache revalidated)
172 silly packumentCache corgi:https://registry.npmjs.org/@jimp%2fplugin-crop set size:394941 disposed:false
173 http fetch GET 200 https://registry.npmjs.org/@jimp%2fplugin-cover 1151ms (cache revalidated)
174 silly packumentCache corgi:https://registry.npmjs.org/@jimp%2fplugin-cover set size:444252 disposed:false
175 http fetch GET 200 https://registry.npmjs.org/@jimp%2fplugin-print 1150ms (cache revalidated)
176 silly packumentCache corgi:https://registry.npmjs.org/@jimp%2fplugin-print set size:418612 disposed:false
177 http fetch GET 200 https://registry.npmjs.org/jimp 1236ms (cache revalidated)
178 silly packumentCache corgi:https://registry.npmjs.org/jimp set size:575057 disposed:false
179 http fetch GET 200 https://registry.npmjs.org/@jimp%2fplugin-threshold 1457ms (cache revalidated)
180 silly packumentCache corgi:https://registry.npmjs.org/@jimp%2fplugin-threshold set size:427308 disposed:false
181 http fetch GET 200 https://registry.npmjs.org/@jimp%2fplugin-rotate 1582ms (cache revalidated)
182 silly packumentCache corgi:https://registry.npmjs.org/@jimp%2fplugin-rotate set size:444709 disposed:false
183 silly packumentCache corgi:https://registry.npmjs.org/node-fzf cache-miss
184 http fetch GET 200 https://registry.npmjs.org/node-fzf 48ms (cache revalidated)
185 silly packumentCache corgi:https://registry.npmjs.org/node-fzf set size:42290 disposed:false
186 silly packumentCache corgi:https://registry.npmjs.org/@jimp%2fdiff cache-miss
187 http fetch GET 200 https://registry.npmjs.org/@jimp%2fdiff 161ms (cache revalidated)
188 silly packumentCache corgi:https://registry.npmjs.org/@jimp%2fdiff set size:19277 disposed:false
189 silly packumentCache corgi:https://registry.npmjs.org/yt-search cache-miss
190 http fetch GET 200 https://registry.npmjs.org/yt-search 97ms (cache revalidated)
191 silly packumentCache corgi:https://registry.npmjs.org/yt-search set size:126336 disposed:false
192 verbose cwd /home/container
193 verbose os Linux 6.1.0-48-amd64
194 verbose node v24.11.1
195 verbose npm  v11.6.2
196 verbose exit 0
197 info ok
